{
  "final_validation": {
    "loss": 0.0001329157803547107,
    "accuracy": 1.0
  },
  "clipped_steps": 9,
  "gradient_checks": {
    "Wxh": {
      "max_abs_error": 4.537775535578127e-12,
      "max_relative_error": 1.9094107805095216e-07,
      "checked": 15
    },
    "Whh": {
      "max_abs_error": 7.86385052128219e-12,
      "max_relative_error": 5.691314353382005e-09,
      "checked": 9
    },
    "bh": {
      "max_abs_error": 9.210512560975381e-12,
      "max_relative_error": 1.843593036710644e-08,
      "checked": 3
    },
    "Why": {
      "max_abs_error": 9.217468802114048e-12,
      "max_relative_error": 3.7484251087944104e-10,
      "checked": 6
    },
    "by": {
      "max_abs_error": 1.1708689573453057e-12,
      "max_relative_error": 2.456204541970616e-10,
      "checked": 2
    }
  }
}
